{
  "best_policy": "0+6+12+18",
  "best_total": 13193305.636975596,
  "full_saving": 793551.6678439006,
  "shapley": {
    "6:00": 232769.778448017,
    "12:00": 219725.81918913743,
    "18:00": 341056.07020674617
  }
}
============================================================================================
第三问独立复算：只读原始附件 + 已落盘明细，不 import src/q3_multistage.py
============================================================================================

0. 原始数据口径
  附件1 电价 (144,)  范围 0.3713—1.3952  均值 0.7662 元/kWh
  自然日价格向量 = 附件列右移一位；首段 0.4276（= 附件末列 0.4276），第 2 段 0.4248（= 附件首列 0.4248）
  附件2 负载/光伏 (365, 144)  日期 2025-01-01 .. 2025-12-31

1. 主组合 甲+乙 独立复算
  [OK ] [0123] 逐日总费用 vs payload                        最大偏差 0.000e+00
  [OK ] [0123] 交付期计划购电费 vs summary                     最大偏差 0.000e+00
  [OK ] [0123] 交付期调整相关费用 vs summary                    最大偏差 0.000e+00
  [OK ] [0123] 交付期紧急购电费 vs summary                     最大偏差 0.000e+00
  [OK ] [0123] 交付期总费用 vs summary                       最大偏差 0.000e+00
  [OK ] [0123] 交付期 emergency_kwh vs summary            最大偏差 0.000e+00
  [OK ] [0123] 交付期 charge_kwh vs summary               最大偏差 2.794e-09
  [OK ] [0123] 交付期 discharge_kwh vs summary            最大偏差 1.863e-09
  [OK ] [0123] 交付期 curtail_kwh vs summary              最大偏差 0.000e+00
  [OK ] [0123] 交付期 adjust_up_kwh vs summary            最大偏差 4.657e-10
  [OK ] [0123] 交付期 adjust_down_kwh vs summary          最大偏差 1.164e-10
  [OK ] [0123] SOC 递推残差/kWh                            最大偏差 0.000e+00
  [OK ] [0123] 充电量超上限/kWh                              最大偏差 0.000e+00
  [OK ] [0123] 放电量超上限/kWh                              最大偏差 0.000e+00
  [OK ] [0123] SOC 低于下限/kWh                            最大偏差 0.000e+00
  [OK ] [0123] SOC 高于上限/kWh                            最大偏差 0.000e+00
  [OK ] [0123] 负数电量/kWh                                最大偏差 -0.000e+00
  [OK ] [0123] 同时充放电/kWh                               最大偏差 0.000e+00
  [OK ] [0123] 跨日 SOC 不连续/kWh                          最大偏差 0.000e+00
  [OK ] [0123] 首日初始 SOC 偏离 6000/kWh                    最大偏差 0.000e+00
  [OK ] [0123] 重放充电量 vs 明细/kWh                         最大偏差 0.000e+00
  [OK ] [0123] 重放放电量 vs 明细/kWh                         最大偏差 0.000e+00
  [OK ] [0123] 重放紧急购电 vs 明细/kWh                        最大偏差 0.000e+00
  [OK ] [0123] 重放弃电 vs 明细/kWh                          最大偏差 0.000e+00
  [OK ] [0123] 重放 SOC 轨迹 vs 明细/kWh                     最大偏差 0.000e+00

2. 八组合 甲 独立复算 + 独立重算 Shapley
  [OK ] 0        交付期总费用 13,986,857.3048 元
  [OK ] 01       交付期总费用 13,629,390.2119 元
  [OK ] 02       交付期总费用 13,601,849.5643 元
  [OK ] 03       交付期总费用 13,470,468.5976 元
  [OK ] 012      交付期总费用 13,424,048.2200 元
  [OK ] 013      交付期总费用 13,312,768.6847 元
  [OK ] 023      交付期总费用 13,366,397.2508 元
  [OK ] 0123     交付期总费用 13,193,305.6370 元
  [OK ] [8组合] 0-only 总费用 vs 对照表                        最大偏差 0.000e+00
  [OK ] [8组合] 0+6 总费用 vs 对照表                           最大偏差 0.000e+00
  [OK ] [8组合] 0+12 总费用 vs 对照表                          最大偏差 0.000e+00
  [OK ] [8组合] 0+18 总费用 vs 对照表                          最大偏差 0.000e+00
  [OK ] [8组合] 0+6+12 总费用 vs 对照表                        最大偏差 0.000e+00
  [OK ] [8组合] 0+6+18 总费用 vs 对照表                        最大偏差 0.000e+00
  [OK ] [8组合] 0+12+18 总费用 vs 对照表                       最大偏差 0.000e+00
  [OK ] [8组合] 0+6+12+18 总费用 vs 对照表                     最大偏差 0.000e+00
  [OK ] [8组合] Shapley(6:00) vs 对照表                     最大偏差 0.000e+00
  [OK ] [8组合] Shapley(12:00) vs 对照表                    最大偏差 2.910e-11
  [OK ] [8组合] Shapley(18:00) vs 对照表                    最大偏差 0.000e+00
  [OK ] [8组合] 全启用相对 0-only 的总节省 vs 对照表                 最大偏差 0.000e+00

============================================================================================
ALL OK — 所有独立复算项均在容差内
============================================================================================

-> C:\Users\牛滢芳\Desktop\new\tmp\q3-paper-audit\independent_verify_0123_K30.json
C:\Users\牛滢芳\Desktop\new\new\outputs\论文修订\简洁_问题一二三修订.md
八种组合中，0+6+12+18方案费用最低。12个条件边际节省中有12个为正，最小值为10.41万元；Shapley分摊中18:00贡献最大。在当前数据、参数及不另计预报获取费用的条件下，组合对照支持保留6:00、12:00、18:00三次更新及相应调整机会。若仅能保留一次日内更新，则0+18方案在三个单次更新方案中费用最低。上述收益包含预报更新、重新决策及储能状态演化的共同影响，不能全部归因于预报精度，也不能将单独引入各时刻的收益直接相加。
