0 2025-01-01 S=10631
20 2025-01-21 S=9502
40 2025-02-10 S=8862
60 2025-03-02 S=9040
80 2025-03-22 S=9839
100 2025-04-11 S=9309
120 2025-05-01 S=8304
140 2025-05-21 S=9391
160 2025-06-10 S=9435
180 2025-06-30 S=9922
200 2025-07-20 S=9366
220 2025-08-09 S=8802
240 2025-08-29 S=9112
260 2025-09-18 S=8543
280 2025-10-08 S=9573
300 2025-10-28 S=8879
320 2025-11-17 S=9437
340 2025-12-07 S=10105
360 2025-12-27 S=8998
{
  "elapsed_seconds": 203.1,
  "total_cost_yuan": 13470468.6,
  "plan_cost_yuan": 12527633.85,
  "adjust_cost_yuan": 550686.15,
  "emergency_cost_yuan": 392148.6,
  "emergency_kwh": 75408.02,
  "charge_kwh": 6666748.92,
  "discharge_kwh": 5400400.83,
  "curtail_kwh": 1661785.6,
  "adjust_up_kwh": 283491.4,
  "adjust_down_kwh": 17230.33
}
-> C:\Users\牛滢芳\Desktop\new\tmp\q3-paper-audit
