0 2025-01-01 S=9568
20 2025-01-21 S=9480
40 2025-02-10 S=8862
60 2025-03-02 S=9046
80 2025-03-22 S=10063
100 2025-04-11 S=9539
120 2025-05-01 S=8304
140 2025-05-21 S=9844
160 2025-06-10 S=9589
180 2025-06-30 S=8823
200 2025-07-20 S=9307
220 2025-08-09 S=8681
240 2025-08-29 S=8862
260 2025-09-18 S=8416
280 2025-10-08 S=9828
300 2025-10-28 S=8879
320 2025-11-17 S=9432
340 2025-12-07 S=10705
360 2025-12-27 S=8970
{
  "elapsed_seconds": 287.5,
  "total_cost_yuan": 13629390.21,
  "plan_cost_yuan": 12169534.13,
  "adjust_cost_yuan": 891494.84,
  "emergency_cost_yuan": 568361.24,
  "emergency_kwh": 91213.15,
  "charge_kwh": 6873365.01,
  "discharge_kwh": 5567845.38,
  "curtail_kwh": 1540831.27,
  "adjust_up_kwh": 698587.78,
  "adjust_down_kwh": 139671.14
}
-> C:\Users\牛滢芳\Desktop\new\tmp\q3-paper-audit
