0 2025-01-01 S=10674
20 2025-01-21 S=9324
40 2025-02-10 S=8862
60 2025-03-02 S=9046
80 2025-03-22 S=9826
100 2025-04-11 S=9307
120 2025-05-01 S=8304
140 2025-05-21 S=9410
160 2025-06-10 S=9366
180 2025-06-30 S=9921
200 2025-07-20 S=9318
220 2025-08-09 S=8802
240 2025-08-29 S=8892
260 2025-09-18 S=8538
280 2025-10-08 S=9528
300 2025-10-28 S=8879
320 2025-11-17 S=9373
340 2025-12-07 S=10111
360 2025-12-27 S=9007
{
  "elapsed_seconds": 308.1,
  "total_cost_yuan": 13312768.68,
  "plan_cost_yuan": 12153771.02,
  "adjust_cost_yuan": 951230.6,
  "emergency_cost_yuan": 207767.07,
  "emergency_kwh": 38137.58,
  "charge_kwh": 6855420.67,
  "discharge_kwh": 5553224.95,
  "curtail_kwh": 1444478.54,
  "adjust_up_kwh": 673051.63,
  "adjust_down_kwh": 173287.66
}
-> C:\Users\牛滢芳\Desktop\new\tmp\q3-paper-audit
