0 2025-01-01 S=9194
20 2025-01-21 S=9545
40 2025-02-10 S=8760
60 2025-03-02 S=8937
80 2025-03-22 S=9894
100 2025-04-11 S=9493
120 2025-05-01 S=8285
140 2025-05-21 S=8878
160 2025-06-10 S=9967
180 2025-06-30 S=9126
200 2025-07-20 S=9552
220 2025-08-09 S=8786
240 2025-08-29 S=9356
260 2025-09-18 S=5679
280 2025-10-08 S=8900
300 2025-10-28 S=8128
320 2025-11-17 S=9794
340 2025-12-07 S=10005
360 2025-12-27 S=9171
{
  "elapsed_seconds": 179.2,
  "total_cost_yuan": 13986857.3,
  "plan_cost_yuan": 12925492.89,
  "adjust_cost_yuan": 0.0,
  "emergency_cost_yuan": 1061364.41,
  "emergency_kwh": 174062.45,
  "charge_kwh": 6475638.65,
  "discharge_kwh": 5245857.48,
  "curtail_kwh": 1772795.21,
  "adjust_up_kwh": 0.0,
  "adjust_down_kwh": 0.0
}
-> C:\Users\牛滢芳\Desktop\new\tmp\q3-paper-audit
