0 2025-01-01 S=10710
20 2025-01-21 S=9377
40 2025-02-10 S=8862
60 2025-03-02 S=9046
80 2025-03-22 S=9826
100 2025-04-11 S=9307
120 2025-05-01 S=8304
140 2025-05-21 S=9397
160 2025-06-10 S=9381
180 2025-06-30 S=9835
200 2025-07-20 S=9325
220 2025-08-09 S=8800
240 2025-08-29 S=9011
260 2025-09-18 S=8536
280 2025-10-08 S=9528
300 2025-10-28 S=8879
320 2025-11-17 S=9370
340 2025-12-07 S=10111
360 2025-12-27 S=9006
{
  "elapsed_seconds": 258.6,
  "total_cost_yuan": 13366397.25,
  "plan_cost_yuan": 12248822.89,
  "adjust_cost_yuan": 694068.17,
  "emergency_cost_yuan": 423506.18,
  "emergency_kwh": 80282.21,
  "charge_kwh": 6750141.12,
  "discharge_kwh": 5467948.52,
  "curtail_kwh": 1363629.43,
  "adjust_up_kwh": 499886.33,
  "adjust_down_kwh": 216746.74
}
-> C:\Users\牛滢芳\Desktop\new\tmp\q3-paper-audit
