0 2025-01-01 S=9635
20 2025-01-21 S=9482
40 2025-02-10 S=8862
60 2025-03-02 S=9039
80 2025-03-22 S=10120
100 2025-04-11 S=9144
120 2025-05-01 S=8304
140 2025-05-21 S=9735
160 2025-06-10 S=9412
180 2025-06-30 S=10177
200 2025-07-20 S=9314
220 2025-08-09 S=8871
240 2025-08-29 S=9011
260 2025-09-18 S=8730
280 2025-10-08 S=9590
300 2025-10-28 S=8879
320 2025-11-17 S=9372
340 2025-12-07 S=10467
360 2025-12-27 S=9002
{
  "elapsed_seconds": 247.1,
  "total_cost_yuan": 13601849.56,
  "plan_cost_yuan": 12264466.05,
  "adjust_cost_yuan": 670360.54,
  "emergency_cost_yuan": 667022.97,
  "emergency_kwh": 116668.31,
  "charge_kwh": 6743701.97,
  "discharge_kwh": 5462758.2,
  "curtail_kwh": 1424071.56,
  "adjust_up_kwh": 514054.32,
  "adjust_down_kwh": 194215.37
}
-> C:\Users\牛滢芳\Desktop\new\tmp\q3-paper-audit
