0 2025-01-01 S=9635
20 2025-01-21 S=9507
40 2025-02-10 S=8862
60 2025-03-02 S=9040
80 2025-03-22 S=10120
100 2025-04-11 S=9144
120 2025-05-01 S=8304
140 2025-05-21 S=9734
160 2025-06-10 S=9393
180 2025-06-30 S=10178
200 2025-07-20 S=9307
220 2025-08-09 S=8871
240 2025-08-29 S=9011
260 2025-09-18 S=8727
280 2025-10-08 S=9594
300 2025-10-28 S=8879
320 2025-11-17 S=9373
340 2025-12-07 S=10468
360 2025-12-27 S=9002
{
  "elapsed_seconds": 333.3,
  "total_cost_yuan": 13424048.22,
  "plan_cost_yuan": 12116485.75,
  "adjust_cost_yuan": 855605.84,
  "emergency_cost_yuan": 451956.63,
  "emergency_kwh": 74614.51,
  "charge_kwh": 6905884.47,
  "discharge_kwh": 5594121.85,
  "curtail_kwh": 1336613.34,
  "adjust_up_kwh": 634484.17,
  "adjust_down_kwh": 256057.91
}
-> C:\Users\牛滢芳\Desktop\new\tmp\q3-paper-audit
